11 : costa concordia : http://dbpedia.org/resource/Costa_Concordia


13 : queensland : http://dbpedia.org/resource/Queensland
13 : queensland floods : http://dbpedia.org/resource/Queensland_Floods
13 : floods : http://dbpedia.org/resource/Flood

12 : european : http://dbpedia.org/resource/Europeanism
12 : cold : http://dbpedia.org/resource/Cold

15 : egyptian : http://dbpedia.org/resource/Egyptians
15 : riots : http://dbpedia.org/resource/Riot

14 : boston : http://dbpedia.org/resource/Boston
14 : boston marathon : http://dbpedia.org/resource/Boston_Marathon
14 : marathon : http://dbpedia.org/resource/Marathon
14 : bombing : http://dbpedia.org/resource/Bomb

17 : in amenas : http://dbpedia.org/resource/In_Amenas
17 : hostage : http://dbpedia.org/resource/Hostage
17 : crisis : http://dbpedia.org/resource/Crisis

16 : quran : http://dbpedia.org/resource/Quran
16 : quran burning : http://dbpedia.org/resource/Quran_burning
16 : burning : http://dbpedia.org/resource/Burn
16 : protests : http://dbpedia.org/resource/Protest

19 : romanian : http://dbpedia.org/resource/Romanians
19 : protests : http://dbpedia.org/resource/Protest

18 : russian : http://dbpedia.org/resource/Russians
18 : protests : http://dbpedia.org/resource/Protest

22 : bulgarian : http://dbpedia.org/resource/Bulgarians
22 : protests : http://dbpedia.org/resource/Protest

23 : shahbag : http://dbpedia.org/resource/Shahbag
23 : protests : http://dbpedia.org/resource/Protest

25 : southern california : http://dbpedia.org/resource/Southern_California
25 : california : http://dbpedia.org/resource/California
25 : shooting : http://dbpedia.org/resource/Shooting

20 : egyptian : http://dbpedia.org/resource/Egyptians
20 : egyptian protests : http://dbpedia.org/resource/Egyptian_protests
20 : protests : http://dbpedia.org/resource/Protest

21 : russia : http://dbpedia.org/resource/Russia
21 : meteor : http://dbpedia.org/resource/METEOR

